
## ---------------------- ##
## Running config.status. ##
## ---------------------- ##

This file was extended by OpenSSH config.status Portable, which was
generated by GNU Autoconf 2.71.  Invocation command line was

  CONFIG_FILES    = 
  CONFIG_HEADERS  = 
  CONFIG_LINKS    = 
  CONFIG_COMMANDS = 
  $ /tmp/ossh/openssh-9.9p1/config.status 

on one


## ---------------------- ##
## Running config.status. ##
## ---------------------- ##

This file was extended by OpenSSH config.status Portable, which was
generated by GNU Autoconf 2.71.  Invocation command line was

  CONFIG_FILES    = 
  CONFIG_HEADERS  = 
  CONFIG_LINKS    = 
  CONFIG_COMMANDS = 
  $ /tmp/ossh/openssh-9.9p1/config.status 

on one


## ---------------------- ##
## Running config.status. ##
## ---------------------- ##

This file was extended by OpenSSH config.status Portable, which was
generated by GNU Autoconf 2.71.  Invocation command line was

  CONFIG_FILES    = 
  CONFIG_HEADERS  = 
  CONFIG_LINKS    = 
  CONFIG_COMMANDS = 
  $ /tmp/ossh/openssh-9.9p1/config.status 

on one

config.status:2216: error: cannot find input file: `Makefile.in'
